// Jest Snapshot v1, https://goo.gl/fbAQLP

exports[`E2E test - Prism#highlights queries correctly query ex. 1 1`] = `
<span class="token keyword keyword-query">
  query
</span>
<span class="token definition-query function">
  getProductById
</span>
<span class="token punctuation">
  (
</span>
<span class="token variable">
  $id
</span>
<span class="token punctuation">
  :
</span>
<span class="token scalar">
  ID
</span>
<span class="token operator">
  !
</span>
<span class="token punctuation">
  )
</span>
<span class="token punctuation">
  {
</span>
<span class="token property-query">
  product
</span>
<span class="token punctuation">
  (
</span>
<span class="token attr-name">
  id
</span>
<span class="token punctuation">
  :
</span>
<span class="token variable">
  $id
</span>
<span class="token punctuation">
  )
</span>
<span class="token punctuation">
  {
</span>
<span class="token property">
  title
</span>
<span class="token property">
  handle
</span>
<span class="token property">
  createdAt
</span>
<span class="token punctuation">
  }
</span>
<span class="token punctuation">
  }
</span>
`;

exports[`E2E test - Prism#highlights queries correctly query shorthand ex. 1 1`] = `
<span class="token punctuation">
  {
</span>
<span class="token property-query">
  orders
</span>
<span class="token punctuation">
  (
</span>
<span class="token attr-name">
  id
</span>
<span class="token punctuation">
  :
</span>
<span class="token number">
  4
</span>
<span class="token punctuation">
  )
</span>
<span class="token punctuation">
  {
</span>
<span class="token object">
  edges
</span>
<span class="token punctuation">
  {
</span>
<span class="token object">
  node
</span>
<span class="token punctuation">
  {
</span>
<span class="token comment">
  # Order fields
</span>
<span class="token comment">
  # Query fields
</span>
<span class="token punctuation">
  }
</span>
<span class="token property">
  cursor
</span>
<span class="token punctuation">
  }
</span>
<span class="token object">
  pageInfo
</span>
<span class="token punctuation">
  {
</span>
<span class="token property">
  hasNextPage
</span>
<span class="token property">
  hasPreviousPage
</span>
<span class="token punctuation">
  }
</span>
<span class="token punctuation">
  }
</span>
<span class="token punctuation">
  }
</span>
`;
