// Jest Snapshot v1, https://goo.gl/fbAQLP

exports[`Custom class should map class names using a function 1`] = `
"<span class=\\"token-suffix keyword-suffix\\">var</span>
a
<span class=\\"token-suffix operator-suffix\\">=</span>
<span class=\\"token-suffix boolean-suffix\\">true</span>
<span class=\\"token-suffix punctuation-suffix\\">;</span>
"
`;

exports[`Custom class should map class names using an object 1`] = `
"<span class=\\"token kw\\">var</span>
a
<span class=\\"token op\\">=</span>
<span class=\\"token b\\">true</span>
<span class=\\"token p\\">;</span>
"
`;

exports[`Custom class should reset map 1`] = `
"<span class=\\"token keyword\\">var</span>
a
<span class=\\"token operator\\">=</span>
<span class=\\"token boolean\\">true</span>
<span class=\\"token punctuation\\">;</span>
"
`;

exports[`Custom class should reset prefix 1`] = `
"<span class=\\"token keyword\\">var</span>
a
<span class=\\"token operator\\">=</span>
<span class=\\"token boolean\\">true</span>
<span class=\\"token punctuation\\">;</span>
"
`;

exports[`Custom class should set prefix 1`] = `
"<span class=\\"prism-token prism-keyword\\">var</span>
a
<span class=\\"prism-token prism-operator\\">=</span>
<span class=\\"prism-token prism-boolean\\">true</span>
<span class=\\"prism-token prism-punctuation\\">;</span>
"
`;
