// Jest Snapshot v1, https://goo.gl/fbAQLP

exports[`Data-URI Highlight should set prefix 1`] = `
"<span class=\\"token selector\\">div</span>
<span class=\\"token punctuation\\">{</span>
<span class=\\"token property\\">border</span>
<span class=\\"token punctuation\\">:</span>
40px solid transparent
<span class=\\"token punctuation\\">;</span>
<span class=\\"token property\\">border-image</span>
<span class=\\"token punctuation\\">:</span>
33.334%
<span class=\\"token url\\">
	<span class=\\"token function\\">url</span>
	<span class=\\"token punctuation\\">(</span>
	<span class=\\"token string url\\">
		'
		<span class=\\"token data-uri\\">
			data:image/svg+xml,
			<span class=\\"token language-markup\\">
				<span class=\\"token tag\\">
					<span class=\\"token punctuation\\">&lt;</span>
					<span class=\\"token tag\\">svg</span>
					<span class=\\"token attr-name\\">xmlns</span>
					<span class=\\"token attr-value\\">
						<span class=\\"token punctuation attr-equals\\">=</span>
						<span class=\\"token punctuation\\">\\"</span>
						http://www.w3.org/2000/svg
						<span class=\\"token punctuation\\">\\"</span>
					</span>
					<span class=\\"token attr-name\\">width</span>
					<span class=\\"token attr-value\\">
						<span class=\\"token punctuation attr-equals\\">=</span>
						<span class=\\"token punctuation\\">\\"</span>
						30
						<span class=\\"token punctuation\\">\\"</span>
					</span>
					<span class=\\"token attr-name\\">height</span>
					<span class=\\"token attr-value\\">
						<span class=\\"token punctuation attr-equals\\">=</span>
						<span class=\\"token punctuation\\">\\"</span>
						30
						<span class=\\"token punctuation\\">\\"</span>
					</span>
					<span class=\\"token punctuation\\">></span>
				</span>
				\\\\
				<span class=\\"token tag\\">
					<span class=\\"token punctuation\\">&lt;</span>
					<span class=\\"token tag\\">circle</span>
					<span class=\\"token attr-name\\">cx</span>
					<span class=\\"token attr-value\\">
						<span class=\\"token punctuation attr-equals\\">=</span>
						<span class=\\"token punctuation\\">\\"</span>
						5
						<span class=\\"token punctuation\\">\\"</span>
					</span>
					<span class=\\"token attr-name\\">cy</span>
					<span class=\\"token attr-value\\">
						<span class=\\"token punctuation attr-equals\\">=</span>
						<span class=\\"token punctuation\\">\\"</span>
						5
						<span class=\\"token punctuation\\">\\"</span>
					</span>
					<span class=\\"token attr-name\\">r</span>
					<span class=\\"token attr-value\\">
						<span class=\\"token punctuation attr-equals\\">=</span>
						<span class=\\"token punctuation\\">\\"</span>
						5
						<span class=\\"token punctuation\\">\\"</span>
					</span>
					<span class=\\"token attr-name\\">fill</span>
					<span class=\\"token attr-value\\">
						<span class=\\"token punctuation attr-equals\\">=</span>
						<span class=\\"token punctuation\\">\\"</span>
						%23ab4
						<span class=\\"token punctuation\\">\\"</span>
					</span>
					<span class=\\"token punctuation\\">/></span>
				</span>
				<span class=\\"token tag\\">
					<span class=\\"token punctuation\\">&lt;</span>
					<span class=\\"token tag\\">circle</span>
					<span class=\\"token attr-name\\">cx</span>
					<span class=\\"token attr-value\\">
						<span class=\\"token punctuation attr-equals\\">=</span>
						<span class=\\"token punctuation\\">\\"</span>
						15
						<span class=\\"token punctuation\\">\\"</span>
					</span>
					<span class=\\"token attr-name\\">cy</span>
					<span class=\\"token attr-value\\">
						<span class=\\"token punctuation attr-equals\\">=</span>
						<span class=\\"token punctuation\\">\\"</span>
						5
						<span class=\\"token punctuation\\">\\"</span>
					</span>
					<span class=\\"token attr-name\\">r</span>
					<span class=\\"token attr-value\\">
						<span class=\\"token punctuation attr-equals\\">=</span>
						<span class=\\"token punctuation\\">\\"</span>
						5
						<span class=\\"token punctuation\\">\\"</span>
					</span>
					<span class=\\"token attr-name\\">fill</span>
					<span class=\\"token attr-value\\">
						<span class=\\"token punctuation attr-equals\\">=</span>
						<span class=\\"token punctuation\\">\\"</span>
						%23655
						<span class=\\"token punctuation\\">\\"</span>
					</span>
					<span class=\\"token punctuation\\">/></span>
				</span>
				\\\\
				<span class=\\"token tag\\">
					<span class=\\"token punctuation\\">&lt;</span>
					<span class=\\"token tag\\">circle</span>
					<span class=\\"token attr-name\\">cx</span>
					<span class=\\"token attr-value\\">
						<span class=\\"token punctuation attr-equals\\">=</span>
						<span class=\\"token punctuation\\">\\"</span>
						25
						<span class=\\"token punctuation\\">\\"</span>
					</span>
					<span class=\\"token attr-name\\">cy</span>
					<span class=\\"token attr-value\\">
						<span class=\\"token punctuation attr-equals\\">=</span>
						<span class=\\"token punctuation\\">\\"</span>
						5
						<span class=\\"token punctuation\\">\\"</span>
					</span>
					<span class=\\"token attr-name\\">r</span>
					<span class=\\"token attr-value\\">
						<span class=\\"token punctuation attr-equals\\">=</span>
						<span class=\\"token punctuation\\">\\"</span>
						5
						<span class=\\"token punctuation\\">\\"</span>
					</span>
					<span class=\\"token attr-name\\">fill</span>
					<span class=\\"token attr-value\\">
						<span class=\\"token punctuation attr-equals\\">=</span>
						<span class=\\"token punctuation\\">\\"</span>
						%23e07
						<span class=\\"token punctuation\\">\\"</span>
					</span>
					<span class=\\"token punctuation\\">/></span>
				</span>
				<span class=\\"token tag\\">
					<span class=\\"token punctuation\\">&lt;</span>
					<span class=\\"token tag\\">circle</span>
					<span class=\\"token attr-name\\">cx</span>
					<span class=\\"token attr-value\\">
						<span class=\\"token punctuation attr-equals\\">=</span>
						<span class=\\"token punctuation\\">\\"</span>
						5
						<span class=\\"token punctuation\\">\\"</span>
					</span>
					<span class=\\"token attr-name\\">cy</span>
					<span class=\\"token attr-value\\">
						<span class=\\"token punctuation attr-equals\\">=</span>
						<span class=\\"token punctuation\\">\\"</span>
						15
						<span class=\\"token punctuation\\">\\"</span>
					</span>
					<span class=\\"token attr-name\\">r</span>
					<span class=\\"token attr-value\\">
						<span class=\\"token punctuation attr-equals\\">=</span>
						<span class=\\"token punctuation\\">\\"</span>
						5
						<span class=\\"token punctuation\\">\\"</span>
					</span>
					<span class=\\"token attr-name\\">fill</span>
					<span class=\\"token attr-value\\">
						<span class=\\"token punctuation attr-equals\\">=</span>
						<span class=\\"token punctuation\\">\\"</span>
						%23655
						<span class=\\"token punctuation\\">\\"</span>
					</span>
					<span class=\\"token punctuation\\">/></span>
				</span>
				\\\\
				<span class=\\"token tag\\">
					<span class=\\"token punctuation\\">&lt;</span>
					<span class=\\"token tag\\">circle</span>
					<span class=\\"token attr-name\\">cx</span>
					<span class=\\"token attr-value\\">
						<span class=\\"token punctuation attr-equals\\">=</span>
						<span class=\\"token punctuation\\">\\"</span>
						15
						<span class=\\"token punctuation\\">\\"</span>
					</span>
					<span class=\\"token attr-name\\">cy</span>
					<span class=\\"token attr-value\\">
						<span class=\\"token punctuation attr-equals\\">=</span>
						<span class=\\"token punctuation\\">\\"</span>
						15
						<span class=\\"token punctuation\\">\\"</span>
					</span>
					<span class=\\"token attr-name\\">r</span>
					<span class=\\"token attr-value\\">
						<span class=\\"token punctuation attr-equals\\">=</span>
						<span class=\\"token punctuation\\">\\"</span>
						5
						<span class=\\"token punctuation\\">\\"</span>
					</span>
					<span class=\\"token attr-name\\">fill</span>
					<span class=\\"token attr-value\\">
						<span class=\\"token punctuation attr-equals\\">=</span>
						<span class=\\"token punctuation\\">\\"</span>
						hsl(15, 25%, 75%)
						<span class=\\"token punctuation\\">\\"</span>
					</span>
					<span class=\\"token punctuation\\">/></span>
				</span>
				\\\\
				<span class=\\"token tag\\">
					<span class=\\"token punctuation\\">&lt;</span>
					<span class=\\"token tag\\">circle</span>
					<span class=\\"token attr-name\\">cx</span>
					<span class=\\"token attr-value\\">
						<span class=\\"token punctuation attr-equals\\">=</span>
						<span class=\\"token punctuation\\">\\"</span>
						25
						<span class=\\"token punctuation\\">\\"</span>
					</span>
					<span class=\\"token attr-name\\">cy</span>
					<span class=\\"token attr-value\\">
						<span class=\\"token punctuation attr-equals\\">=</span>
						<span class=\\"token punctuation\\">\\"</span>
						15
						<span class=\\"token punctuation\\">\\"</span>
					</span>
					<span class=\\"token attr-name\\">r</span>
					<span class=\\"token attr-value\\">
						<span class=\\"token punctuation attr-equals\\">=</span>
						<span class=\\"token punctuation\\">\\"</span>
						5
						<span class=\\"token punctuation\\">\\"</span>
					</span>
					<span class=\\"token attr-name\\">fill</span>
					<span class=\\"token attr-value\\">
						<span class=\\"token punctuation attr-equals\\">=</span>
						<span class=\\"token punctuation\\">\\"</span>
						%23655
						<span class=\\"token punctuation\\">\\"</span>
					</span>
					<span class=\\"token punctuation\\">/></span>
				</span>
				<span class=\\"token tag\\">
					<span class=\\"token punctuation\\">&lt;</span>
					<span class=\\"token tag\\">circle</span>
					<span class=\\"token attr-name\\">cx</span>
					<span class=\\"token attr-value\\">
						<span class=\\"token punctuation attr-equals\\">=</span>
						<span class=\\"token punctuation\\">\\"</span>
						5
						<span class=\\"token punctuation\\">\\"</span>
					</span>
					<span class=\\"token attr-name\\">cy</span>
					<span class=\\"token attr-value\\">
						<span class=\\"token punctuation attr-equals\\">=</span>
						<span class=\\"token punctuation\\">\\"</span>
						25
						<span class=\\"token punctuation\\">\\"</span>
					</span>
					<span class=\\"token attr-name\\">r</span>
					<span class=\\"token attr-value\\">
						<span class=\\"token punctuation attr-equals\\">=</span>
						<span class=\\"token punctuation\\">\\"</span>
						5
						<span class=\\"token punctuation\\">\\"</span>
					</span>
					<span class=\\"token attr-name\\">fill</span>
					<span class=\\"token attr-value\\">
						<span class=\\"token punctuation attr-equals\\">=</span>
						<span class=\\"token punctuation\\">\\"</span>
						%23fb3
						<span class=\\"token punctuation\\">\\"</span>
					</span>
					<span class=\\"token punctuation\\">/></span>
				</span>
				\\\\
				<span class=\\"token tag\\">
					<span class=\\"token punctuation\\">&lt;</span>
					<span class=\\"token tag\\">circle</span>
					<span class=\\"token attr-name\\">cx</span>
					<span class=\\"token attr-value\\">
						<span class=\\"token punctuation attr-equals\\">=</span>
						<span class=\\"token punctuation\\">\\"</span>
						15
						<span class=\\"token punctuation\\">\\"</span>
					</span>
					<span class=\\"token attr-name\\">cy</span>
					<span class=\\"token attr-value\\">
						<span class=\\"token punctuation attr-equals\\">=</span>
						<span class=\\"token punctuation\\">\\"</span>
						25
						<span class=\\"token punctuation\\">\\"</span>
					</span>
					<span class=\\"token attr-name\\">r</span>
					<span class=\\"token attr-value\\">
						<span class=\\"token punctuation attr-equals\\">=</span>
						<span class=\\"token punctuation\\">\\"</span>
						5
						<span class=\\"token punctuation\\">\\"</span>
					</span>
					<span class=\\"token attr-name\\">fill</span>
					<span class=\\"token attr-value\\">
						<span class=\\"token punctuation attr-equals\\">=</span>
						<span class=\\"token punctuation\\">\\"</span>
						%23655
						<span class=\\"token punctuation\\">\\"</span>
					</span>
					<span class=\\"token punctuation\\">/></span>
				</span>
				<span class=\\"token tag\\">
					<span class=\\"token punctuation\\">&lt;</span>
					<span class=\\"token tag\\">circle</span>
					<span class=\\"token attr-name\\">cx</span>
					<span class=\\"token attr-value\\">
						<span class=\\"token punctuation attr-equals\\">=</span>
						<span class=\\"token punctuation\\">\\"</span>
						25
						<span class=\\"token punctuation\\">\\"</span>
					</span>
					<span class=\\"token attr-name\\">cy</span>
					<span class=\\"token attr-value\\">
						<span class=\\"token punctuation attr-equals\\">=</span>
						<span class=\\"token punctuation\\">\\"</span>
						25
						<span class=\\"token punctuation\\">\\"</span>
					</span>
					<span class=\\"token attr-name\\">r</span>
					<span class=\\"token attr-value\\">
						<span class=\\"token punctuation attr-equals\\">=</span>
						<span class=\\"token punctuation\\">\\"</span>
						5
						<span class=\\"token punctuation\\">\\"</span>
					</span>
					<span class=\\"token attr-name\\">fill</span>
					<span class=\\"token attr-value\\">
						<span class=\\"token punctuation attr-equals\\">=</span>
						<span class=\\"token punctuation\\">\\"</span>
						%2358a
						<span class=\\"token punctuation\\">\\"</span>
					</span>
					<span class=\\"token punctuation\\">/></span>
				</span>
				<span class=\\"token tag\\">
					<span class=\\"token punctuation\\">&lt;/</span>
					<span class=\\"token tag\\">svg</span>
					<span class=\\"token punctuation\\">></span>
				</span>
			</span>
		</span>
		'
	</span>
	<span class=\\"token punctuation\\">)</span>
</span>
<span class=\\"token punctuation\\">;</span>
<span class=\\"token property\\">padding</span>
<span class=\\"token punctuation\\">:</span>
1em
<span class=\\"token punctuation\\">;</span>
<span class=\\"token property\\">max-width</span>
<span class=\\"token punctuation\\">:</span>
20em
<span class=\\"token punctuation\\">;</span>
<span class=\\"token property\\">font</span>
<span class=\\"token punctuation\\">:</span>
130%/1.6 Baskerville
<span class=\\"token punctuation\\">,</span>
Palatino
<span class=\\"token punctuation\\">,</span>
serif
<span class=\\"token punctuation\\">;</span>
<span class=\\"token punctuation\\">}</span>
"
`;
